2026-06-07 11:10:13-0700: Running with following config:
allowResignation = true
analysisIgnorePreRootHistory = false
chosenMovePrune = 0
chosenMoveSubtract = 0
chosenMoveTemperature = 0.70
chosenMoveTemperatureEarly = 0.85
chosenMoveTemperatureHalflife = 80
chosenMoveTemperatureOnlyBelowProb = 0.01
delayMoveMax = 0
delayMoveScale = 0
dynamicScoreUtilityFactor = 0.00
humanSLChosenMoveIgnorePass = true
humanSLChosenMovePiklLambda = 100000000
humanSLChosenMoveProp = 1.0
humanSLCpuctExploration = 0.50
humanSLCpuctPermanent = 0.2
humanSLOppExploreProbWeightful = 0.0
humanSLOppExploreProbWeightless = 0.0
humanSLPlaExploreProbWeightful = 0.0
humanSLPlaExploreProbWeightless = 0.0
humanSLProfile = preaz_5k
humanSLRootExploreProbWeightful = 0.0
humanSLRootExploreProbWeightless = 0.0
ignorePreRootHistory = false
lagBuffer = 1.0
logAllGTPCommunication = true
logDir = gtp_logs
logSearchInfo = true
logSearchInfoForChosenMove = false
logToStderr = false
maxVisits = 40
nnCacheSizePowerOfTwo = 17
nnMutexPoolSizePowerOfTwo = 14
numSearchThreads = 1
resignConsecTurns = 20
resignMinMovesPerBoardArea = 0.4
resignMinScoreDifference = 40
resignThreshold = -0.99
rootNumSymmetriesToSample = 2
rules = japanese
staticScoreUtilityFactor = 0.30
subtreeValueBiasFactor = 0.0
useLcbForSelection = false
useNoisePruning = false
useUncertainty = false
winLossUtilityFactor = 1.0

2026-06-07 11:10:13-0700: GTP Engine starting...
2026-06-07 11:10:13-0700: KataGo v1.16.4
2026-06-07 11:10:13-0700: Using Japanese rules initially, unless GTP/GUI overrides this
2026-06-07 11:10:13-0700: Using 1 CPU thread(s) for search
2026-06-07 11:10:13-0700: nnRandSeed0 = 6244759737646437466
2026-06-07 11:10:13-0700: After dedups: nnModelFile0 = /opt/homebrew/opt/katago/share/katago/kata1-b18c384nbt-s9996604416-d4316597426.bin.gz useFP16 auto useNHWC auto
2026-06-07 11:10:13-0700: Initializing neural net buffer to be size 19 * 19 exactly
2026-06-07 11:10:13-0700: Loaded neural net with nnXLen 19 nnYLen 19
2026-06-07 11:10:13-0700: nnRandSeed0 = 1409463193535067700
2026-06-07 11:10:13-0700: After dedups: nnModelFile0 = /Users/paul/.katago/b18c384nbt-humanv0.bin.gz useFP16 auto useNHWC auto
2026-06-07 11:10:13-0700: Initializing neural net buffer to be size 19 * 19 exactly
2026-06-07 11:10:14-0700: Loaded human SL net with nnXLen 19 nnYLen 19
2026-06-07 11:10:14-0700: Initializing board with boardXSize 19 boardYSize 19
2026-06-07 11:10:14-0700: Loaded config /opt/homebrew/opt/katago/share/katago/configs/gtp_human5k_example.cfg and/or command-line and query overrides
2026-06-07 11:10:14-0700: Loaded model /opt/homebrew/opt/katago/share/katago/kata1-b18c384nbt-s9996604416-d4316597426.bin.gz
2026-06-07 11:10:14-0700: Loaded human SL model /Users/paul/.katago/b18c384nbt-humanv0.bin.gz
2026-06-07 11:10:14-0700: Config override: delayMoveMax = 0
2026-06-07 11:10:14-0700: Config override: delayMoveScale = 0
2026-06-07 11:10:14-0700: Model name: kata1-b18c384nbt-s9996604416-d4316597426
2026-06-07 11:10:14-0700: Human SL model name: b18c384nbt-humanv0
2026-06-07 11:10:14-0700: GTP ready, beginning main protocol loop
2026-06-07 11:10:14-0700: Controller: kata-set-param humanSLProfile rank_10k
2026-06-07 11:10:14-0700: = 
2026-06-07 11:10:14-0700: Controller: boardsize 19
2026-06-07 11:10:14-0700: = 
2026-06-07 11:10:14-0700: Controller: komi 6.5
2026-06-07 11:10:14-0700: = 
2026-06-07 11:10:14-0700: Controller: play B Q16
2026-06-07 11:10:14-0700: = 
2026-06-07 11:10:14-0700: Controller: genmove W
2026-06-07 11:10:16-0700: MoveNum: 1 HASH: D787FAD66281F76731DCD9C1B3387463
   A B C D E F G H J K L M N O P Q R S T
19 . . . . . . . . . . . . . . . . . . .
18 . . . . . . . . . . . . . . . . . . .
17 . . . . . . . . . . . . . . . . . . .
16 . . . . . . . . . . . . . . . X1. . .
15 . . . . . . . . . . . . . . . . . . .
14 . . . . . . . . . . . . . . . . . . .
13 . . . . . . . . . . . . . . . . . . .
12 . . . . . . . . . . . . . . . . . . .
11 . . . . . . . . . . . . . . . . . . .
10 . . . . . . . . . . . . . . . . . . .
 9 . . . . . . . . . . . . . . . . . . .
 8 . . . . . . . . . . . . . . . . . . .
 7 . . . . . . . . . . . . . . . . . . .
 6 . . . . . . . . . . . . . . . . . . .
 5 . . . . . . . . . . . . . . . . . . .
 4 . . . @ . . . . . . . . . . . . . . .
 3 . . . . . . . . . . . . . . . . . . .
 2 . . . . . . . . . . . . . . . . . . .
 1 . . . . . . . . . . . . . . . . . . .

koSIMPLEscoreTERRITORYtaxSEKIsui0komi6.5
Time taken: 1.92087
Root visits: 40
New playouts: 40
NN rows: 40
NN batches: 40
NN avg batch size: 1
PV: D4 C3 D3 C4 D5 B6 D16 Q4
Tree:
: T   4.39c W   4.27c S   0.11c ( +0.3 L  +0.2) N      40  --  D4 C3 D3 C4 D5 B6 D16
---White(^)---
D4  : T   4.56c W   4.44c S   0.12c ( +0.3 L  +0.2) LCB    3.13c P 44.22% WF  28.0 PSV      29 N      28  --  D4 C3 D3 C4 D5 B6 D16 Q4
D16 : T   4.13c W   4.01c S   0.12c ( +0.3 L  +0.2) LCB   -0.43c P 20.59% WF  11.0 PSV      10 N      11  --  D16 C17 D17 C16 D15 B14

2026-06-07 11:10:16-0700: = D4
2026-06-07 11:10:16-0700: Controller: kata-set-param humanSLProfile rank_15k
2026-06-07 11:10:16-0700: = 
2026-06-07 11:10:16-0700: Controller: genmove B
2026-06-07 11:10:16-0700: MoveNum: 2 HASH: B248EA89FABF13234D0CA990126373BE
   A B C D E F G H J K L M N O P Q R S T
19 . . . . . . . . . . . . . . . . . . .
18 . . . . . . . . . . . . . . . . . . .
17 . . . . . . . . . . . . . . . . . . .
16 . . . . . . . . . . . . . . . X1. . .
15 . . . . . . . . . . . . . . . . . . .
14 . . . . . . . . . . . . . . . . . . .
13 . . . . . . . . . . . . . . . . . . .
12 . . . . . . . . . . . . . . . . . . .
11 . . . . . . . . . . . . . . . . . . .
10 . . . . . . . . . . . . . . . . . . .
 9 . . . . . . . . . . . . . . . . . . .
 8 . . . . . . . . . . . . . . . . . . .
 7 . . . . . . . . . . . . . . . . . . .
 6 . . . . . . . . . . . . . . . . . . .
 5 . . . . . . . . . . . . . . . . . . .
 4 . . . O2. . . . . . . . . . . @ . . .
 3 . . . . . . . . . . . . . . . . . . .
 2 . . . . . . . . . . . . . . . . . . .
 1 . . . . . . . . . . . . . . . . . . .

koSIMPLEscoreTERRITORYtaxSEKIsui0komi6.5
Time taken: 0.10303
Root visits: 40
New playouts: 40
NN rows: 22
NN batches: 22
NN avg batch size: 1
PV: Q4 D16 C3 D3 C4 D5
Tree:
: T  -5.21c W  -5.06c S  -0.15c ( -0.3 L  -0.2) N      40  --  Q4 D16 C3 D3 C4 D5
---Black(^)---
Q4  : T  -4.63c W  -4.51c S  -0.12c ( -0.3 L  -0.2) LCB   -8.26c P 15.04% WF  14.0 PSV      38 N      14  --  Q4 D16 C3 D3 C4 D5
C3  : T  -5.58c W  -5.41c S  -0.17c ( -0.4 L  -0.3) LCB   -7.62c P 30.17% WF  21.0 PSV       1 N      21  --  C3 D3 C4 D5 B6 D16 Q4 R17
F3  : T  -5.77c W  -5.60c S  -0.17c ( -0.4 L  -0.2) LCB  -45.60c P  6.17% WF   4.0 PSV       0 N       4  --  F3 Q4 D16 E3

2026-06-07 11:10:16-0700: = Q4
2026-06-07 11:10:16-0700: Controller: kata-set-param humanSLChosenMoveProp 0
2026-06-07 11:10:16-0700: = 
2026-06-07 11:10:16-0700: Controller: genmove W
2026-06-07 11:10:16-0700: MoveNum: 3 HASH: F2FB6A1B9EADCB69B51B5BF34560E526
   A B C D E F G H J K L M N O P Q R S T
19 . . . . . . . . . . . . . . . . . . .
18 . . . . . . . . . . . . . . . . . . .
17 . . . . . . . . . . . . . . . . . . .
16 . . . @ . . . . . . . . . . . X1. . .
15 . . . . . . . . . . . . . . . . . . .
14 . . . . . . . . . . . . . . . . . . .
13 . . . . . . . . . . . . . . . . . . .
12 . . . . . . . . . . . . . . . . . . .
11 . . . . . . . . . . . . . . . . . . .
10 . . . . . . . . . . . . . . . . . . .
 9 . . . . . . . . . . . . . . . . . . .
 8 . . . . . . . . . . . . . . . . . . .
 7 . . . . . . . . . . . . . . . . . . .
 6 . . . . . . . . . . . . . . . . . . .
 5 . . . . . . . . . . . . . . . . . . .
 4 . . . O2. . . . . . . . . . . X3. . .
 3 . . . . . . . . . . . . . . . . . . .
 2 . . . . . . . . . . . . . . . . . . .
 1 . . . . . . . . . . . . . . . . . . .

koSIMPLEscoreTERRITORYtaxSEKIsui0komi6.5
Time taken: 0.119672
Root visits: 40
New playouts: 40
NN rows: 26
NN batches: 26
NN avg batch size: 1
PV: D16 C17 D17 C16 D15 B14 R3 Q3
Tree:
: T   5.17c W   5.01c S   0.16c ( +0.4 L  +0.3) N      40  --  D16 C17 D17 C16 D15 B14 R3
---White(^)---
D16 : T   5.22c W   5.05c S   0.17c ( +0.4 L  +0.3) LCB    4.04c P 82.42% WF  39.0 PSV      39 N      39  --  D16 C17 D17 C16 D15 B14 R3 Q3

2026-06-07 11:10:16-0700: = D16
2026-06-07 11:10:16-0700: Controller: kata-set-param humanSLProfile rank_12k
2026-06-07 11:10:16-0700: = 
2026-06-07 11:10:16-0700: Controller: quit
2026-06-07 11:10:16-0700: Quit requested by controller
2026-06-07 11:10:16-0700: = 
2026-06-07 11:10:16-0700: GPU -1 finishing, processed 88 rows 88 batches
2026-06-07 11:10:16-0700: GPU -1 finishing, processed 6 rows 6 batches
2026-06-07 11:10:16-0700: All cleaned up, quitting
